ğŸ“¦ {{app_name}}
{{*}}
{{version_pattern}} {{*}}
