┌──────────────────┬────────────────┬──────────────┬─────────────┐
│ Description      │ ID             │ Name         │ Source      │
├──────────────────┼────────────────┼──────────────┼─────────────┤
│ Simple echo task │ task/demo/echo │ Echo Task    │ internal    │
├──────────────────┼────────────────┼──────────────┼─────────────┤
│ A demo task      │ task/test/hell │ Hello World  │ custom_path │
│                  │ o              │ Task         │             │
└──────────────────┴────────────────┴──────────────┴─────────────┘