┌────┬───────────┬───────────┬────┐
│ De │ ID        │ Name      │ So │
│ sc │           │           │ ur │
│ ri │           │           │ ce │
│ pt │           │           │    │
│ io │           │           │    │
│ n  │           │           │    │
├────┼───────────┼───────────┼────┤
│ Si │ task/demo │ Echo Task │ in │
│ mp │           │           │ te │
│ le │           │           │ rn │
│ ec │           │           │ al │
│ ho │           │           │    │
│ ta │           │           │    │
│ sk │           │           │    │
├────┼───────────┼───────────┼────┤
│ A  │ task/test │ Hello     │ cu │
│ de │           │ Wrld      │ st │
│ mo │           │           │ om │
│ ta │           │           │    │
│ sk │           │           │    │
└────┴───────────┴───────────┴────┘