┌──────────────────┬────────────────┬──────────────┬─────────────┐
│ [1m[32mDescription[0m      │ [36mID[0m             │ [1m[37mName[0m         │ [33mSource[0m      │
├──────────────────┼────────────────┼──────────────┼─────────────┤
│ [1m[32mSimple echo task[0m │ [36mtask/demo/echo[0m │ [1m[37mEcho Task[0m    │ [33minternal[0m    │
├──────────────────┼────────────────┼──────────────┼─────────────┤
│ [1m[32mA demo task[0m      │ [36mtask/test/hell[0m │ [1m[37mHello World[0m  │ [33mcustom_path[0m │
│                  │ [36mo[0m              │ [1m[37mTask[0m         │             │
└──────────────────┴────────────────┴──────────────┴─────────────┘