┌────────────────────────────────┬─────────────────────┬────────────────────┬─────────────┐
│ Description                    │ ID                  │ Name               │ Source      │
├────────────────────────────────┼─────────────────────┼────────────────────┼─────────────┤
│ Simple echo task               │ task/demo/echo      │ Echo Task          │ internal    │
├────────────────────────────────┼─────────────────────┼────────────────────┼─────────────┤
│ A demo task with more details  │ task/test/hello     │ Hello World Task   │ custom_path │
├────────────────────────────────┼─────────────────────┼────────────────────┼─────────────┤
│ Complex task with many options │ task/sample/process │ Sample Processing  │ filesystem  │
│                                │                     │ Task               │             │
└────────────────────────────────┴─────────────────────┴────────────────────┴─────────────┘