ðŸ“¦ Arca CLI
A declarative CLI for Elixir apps
https://arca.io
arca_cli 0.1.0
